Microsoft Windows [Version 10.0.19043.1645]
(c) Корпорация Майкрософт (Microsoft Corporation). Все права защищены.

C:\Users\Alfa>docker run hello-world
docker: error during connect: This error may indicate that the docker daemon is not running.: Post "http://%2F%2F.%2Fpipe%2Fdocker_engine/v1.24/containers/create": open //./pipe/docker_engine: The system cannot find the file specified.
See 'docker run --help'.

C:\Users\Alfa>docker run hello-world
Unable to find image 'hello-world:latest' locally
latest: Pulling from library/hello-world
2db29710123e: Pull complete
Digest: sha256:10d7d58d5ebd2a652f4d93fdd86da8f265f5318c6a73cc5b6a9798ff6d2b2e67
Status: Downloaded newer image for hello-world:latest

Hello from Docker!
This message shows that your installation appears to be working correctly.

To generate this message, Docker took the following steps:
 1. The Docker client contacted the Docker daemon.
 2. The Docker daemon pulled the "hello-world" image from the Docker Hub.
    (amd64)
 3. The Docker daemon created a new container from that image which runs the
    executable that produces the output you are currently reading.
 4. The Docker daemon streamed that output to the Docker client, which sent it
    to your terminal.

To try something more ambitious, you can run an Ubuntu container with:
 $ docker run -it ubuntu bash

Share images, automate workflows, and more with a free Docker ID:
 https://hub.docker.com/

For more examples and ideas, visit:
 https://docs.docker.com/get-started/


C:\Users\Alfa>docker pull alpine
Using default tag: latest
latest: Pulling from library/alpine
df9b9388f04a: Pull complete
Digest: sha256:4edbd2beb5f78b1014028f4fbb99f3237d9561100b6881aabbf5acce2c4f9454
Status: Downloaded newer image for alpine:latest
docker.io/library/alpine:latest

C:\Users\Alfa>docker images
REPOSITORY     TAG       IMAGE ID       CREATED        SIZE
alpine         latest    0ac33e5f5afa   4 weeks ago    5.57MB
assetmku/ex4   latest    947011047115   5 weeks ago    139MB
<none>         <none>    bce7b41a05cd   5 weeks ago    170MB
asset/ping     latest    eceff66c48d9   5 weeks ago    170MB
httpd          2.4       b9bd7e513e0f   6 weeks ago    144MB
postgres       latest    5cd1494671e9   6 weeks ago    376MB
hello-world    latest    feb5d9fea6a5   7 months ago   13.3kB
ubuntu         16.04     b6f507652425   8 months ago   135MB

C:\Users\Alfa>docker run alpine ls -l
total 56
drwxr-xr-x    2 root     root          4096 Apr  4 16:06 bin
drwxr-xr-x    5 root     root           340 May  3 11:11 dev
drwxr-xr-x    1 root     root          4096 May  3 11:11 etc
drwxr-xr-x    2 root     root          4096 Apr  4 16:06 home
drwxr-xr-x    7 root     root          4096 Apr  4 16:06 lib
drwxr-xr-x    5 root     root          4096 Apr  4 16:06 media
drwxr-xr-x    2 root     root          4096 Apr  4 16:06 mnt
drwxr-xr-x    2 root     root          4096 Apr  4 16:06 opt
dr-xr-xr-x  220 root     root             0 May  3 11:11 proc
drwx------    2 root     root          4096 Apr  4 16:06 root
drwxr-xr-x    2 root     root          4096 Apr  4 16:06 run
drwxr-xr-x    2 root     root          4096 Apr  4 16:06 sbin
drwxr-xr-x    2 root     root          4096 Apr  4 16:06 srv
dr-xr-xr-x   11 root     root             0 May  3 11:11 sys
drwxrwxrwt    2 root     root          4096 Apr  4 16:06 tmp
drwxr-xr-x    7 root     root          4096 Apr  4 16:06 usr
drwxr-xr-x   12 root     root          4096 Apr  4 16:06 var

C:\Users\Alfa>docker run alpine echo "hello from alpine"
hello from alpine

C:\Users\Alfa>docker run alpine /bin/sh

C:\Users\Alfa>docker ps
CONTAINER ID   IMAGE     COMMAND   CREATED   STATUS    PORTS     NAMES

C:\Users\Alfa>docker ps -a
CONTAINER ID   IMAGE         COMMAND                  CREATED         STATUS                     PORTS     NAMES
f18c000bc2c0   alpine        "/bin/sh"                2 minutes ago   Exited (0) 2 minutes ago             festive_einstein
cec164891156   alpine        "echo 'hello from al…"   2 minutes ago   Exited (0) 2 minutes ago             fervent_saha
328f2ea99b55   alpine        "ls -l"                  3 minutes ago   Exited (0) 3 minutes ago             silly_tharp
559526bea990   hello-world   "/hello"                 8 minutes ago   Exited (0) 8 minutes ago             busy_elbakyan

C:\Users\Alfa>docker run -it alpine /bin/sh
/ # ls
bin    dev    etc    home   lib    media  mnt    opt    proc   root   run    sbin   srv    sys    tmp    usr    var
/ # uname
Linux
/ # uname -a
Linux b790f99ff18b 5.10.102.1-microsoft-standard-WSL2 #1 SMP Wed Mar 2 00:30:59 UTC 2022 x86_64 Linux
/ # q
/bin/sh: q: not found
/ # exit

C:\Users\Alfa>