C:\Users\Alfa>docker run -it ubuntu:16.04 /bin/bash
root@385bdd604773:/# ping
bash: ping: command not found
root@385bdd604773:/# apt-get update
Get:1 http://archive.ubuntu.com/ubuntu xenial InRelease [247 kB]
Get:2 http://security.ubuntu.com/ubuntu xenial-security InRelease [99.8 kB]
Get:3 http://archive.ubuntu.com/ubuntu xenial-updates InRelease [99.8 kB]
Get:4 http://archive.ubuntu.com/ubuntu xenial-backports InRelease [97.4 kB]
Get:5 http://archive.ubuntu.com/ubuntu xenial/main amd64 Packages [1558 kB]
Get:6 http://security.ubuntu.com/ubuntu xenial-security/main amd64 Packages [2051 kB]
Get:7 http://archive.ubuntu.com/ubuntu xenial/restricted amd64 Packages [14.1 kB]
Get:8 http://archive.ubuntu.com/ubuntu xenial/universe amd64 Packages [9827 kB]
Get:9 http://archive.ubuntu.com/ubuntu xenial/multiverse amd64 Packages [176 kB]
Get:10 http://archive.ubuntu.com/ubuntu xenial-updates/main amd64 Packages [2560 kB]
Get:11 http://archive.ubuntu.com/ubuntu xenial-updates/restricted amd64 Packages [16.4 kB]
Get:12 http://archive.ubuntu.com/ubuntu xenial-updates/universe amd64 Packages [1544 kB]
Get:13 http://archive.ubuntu.com/ubuntu xenial-updates/multiverse amd64 Packages [26.2 kB]
Get:14 http://archive.ubuntu.com/ubuntu xenial-backports/main amd64 Packages [10.9 kB]
Get:15 http://archive.ubuntu.com/ubuntu xenial-backports/universe amd64 Packages [12.7 kB]
Get:16 http://security.ubuntu.com/ubuntu xenial-security/restricted amd64 Packages [15.9 kB]
Get:17 http://security.ubuntu.com/ubuntu xenial-security/universe amd64 Packages [984 kB]
Get:18 http://security.ubuntu.com/ubuntu xenial-security/multiverse amd64 Packages [8820 B]
Fetched 19.3 MB in 12s (1555 kB/s)
Reading package lists... Done
root@385bdd604773:/# apt-get install iputils-ping
Reading package lists... Done
Building dependency tree
Reading state information... Done
The following additional packages will be installed:
  libffi6 libgmp10 libgnutls-openssl27 libgnutls30 libhogweed4 libidn11 libnettle6 libp11-kit0 libtasn1-6
Suggested packages:
  gnutls-bin
The following NEW packages will be installed:
  iputils-ping libffi6 libgmp10 libgnutls-openssl27 libgnutls30 libhogweed4 libidn11 libnettle6 libp11-kit0 libtasn1-6
0 upgraded, 10 newly installed, 0 to remove and 0 not upgraded.
Need to get 1307 kB of archives.
After this operation, 3785 kB of additional disk space will be used.
Do you want to continue? [Y/n] Y
Get:1 http://archive.ubuntu.com/ubuntu xenial/main amd64 libgmp10 amd64 2:6.1.0+dfsg-2 [240 kB]
Get:2 http://archive.ubuntu.com/ubuntu xenial-updates/main amd64 libnettle6 amd64 3.2-1ubuntu0.16.04.2 [93.7 kB]
Get:3 http://archive.ubuntu.com/ubuntu xenial-updates/main amd64 libhogweed4 amd64 3.2-1ubuntu0.16.04.2 [136 kB]
Get:4 http://archive.ubuntu.com/ubuntu xenial-updates/main amd64 libidn11 amd64 1.32-3ubuntu1.2 [46.5 kB]
Get:5 http://archive.ubuntu.com/ubuntu xenial/main amd64 libffi6 amd64 3.2.1-4 [17.8 kB]
Get:6 http://archive.ubuntu.com/ubuntu xenial-updates/main amd64 libp11-kit0 amd64 0.23.2-5~ubuntu16.04.2 [107 kB]
Get:7 http://archive.ubuntu.com/ubuntu xenial-updates/main amd64 libtasn1-6 amd64 4.7-3ubuntu0.16.04.3 [43.5 kB]
Get:8 http://archive.ubuntu.com/ubuntu xenial-updates/main amd64 libgnutls30 amd64 3.4.10-4ubuntu1.9 [548 kB]
Get:9 http://archive.ubuntu.com/ubuntu xenial-updates/main amd64 libgnutls-openssl27 amd64 3.4.10-4ubuntu1.9 [21.9 kB]
Get:10 http://archive.ubuntu.com/ubuntu xenial/main amd64 iputils-ping amd64 3:20121221-5ubuntu2 [52.7 kB]
Fetched 1307 kB in 1s (1021 kB/s)
debconf: delaying package configuration, since apt-utils is not installed
Selecting previously unselected package libgmp10:amd64.
(Reading database ... 4785 files and directories currently installed.)
Preparing to unpack .../libgmp10_2%3a6.1.0+dfsg-2_amd64.deb ...
Unpacking libgmp10:amd64 (2:6.1.0+dfsg-2) ...
Selecting previously unselected package libnettle6:amd64.
Preparing to unpack .../libnettle6_3.2-1ubuntu0.16.04.2_amd64.deb ...
Unpacking libnettle6:amd64 (3.2-1ubuntu0.16.04.2) ...
Selecting previously unselected package libhogweed4:amd64.
Preparing to unpack .../libhogweed4_3.2-1ubuntu0.16.04.2_amd64.deb ...
Unpacking libhogweed4:amd64 (3.2-1ubuntu0.16.04.2) ...
Selecting previously unselected package libidn11:amd64.
Preparing to unpack .../libidn11_1.32-3ubuntu1.2_amd64.deb ...
Unpacking libidn11:amd64 (1.32-3ubuntu1.2) ...
Selecting previously unselected package libffi6:amd64.
Preparing to unpack .../libffi6_3.2.1-4_amd64.deb ...
Unpacking libffi6:amd64 (3.2.1-4) ...
Selecting previously unselected package libp11-kit0:amd64.
Preparing to unpack .../libp11-kit0_0.23.2-5~ubuntu16.04.2_amd64.deb ...
Unpacking libp11-kit0:amd64 (0.23.2-5~ubuntu16.04.2) ...
Selecting previously unselected package libtasn1-6:amd64.
Preparing to unpack .../libtasn1-6_4.7-3ubuntu0.16.04.3_amd64.deb ...
Unpacking libtasn1-6:amd64 (4.7-3ubuntu0.16.04.3) ...
Selecting previously unselected package libgnutls30:amd64.
Preparing to unpack .../libgnutls30_3.4.10-4ubuntu1.9_amd64.deb ...
Unpacking libgnutls30:amd64 (3.4.10-4ubuntu1.9) ...
Selecting previously unselected package libgnutls-openssl27:amd64.
Preparing to unpack .../libgnutls-openssl27_3.4.10-4ubuntu1.9_amd64.deb ...
Unpacking libgnutls-openssl27:amd64 (3.4.10-4ubuntu1.9) ...
Selecting previously unselected package iputils-ping.
Preparing to unpack .../iputils-ping_3%3a20121221-5ubuntu2_amd64.deb ...
Unpacking iputils-ping (3:20121221-5ubuntu2) ...
Processing triggers for libc-bin (2.23-0ubuntu11.3) ...
Setting up libgmp10:amd64 (2:6.1.0+dfsg-2) ...
Setting up libnettle6:amd64 (3.2-1ubuntu0.16.04.2) ...
Setting up libhogweed4:amd64 (3.2-1ubuntu0.16.04.2) ...
Setting up libidn11:amd64 (1.32-3ubuntu1.2) ...
Setting up libffi6:amd64 (3.2.1-4) ...
Setting up libp11-kit0:amd64 (0.23.2-5~ubuntu16.04.2) ...
Setting up libtasn1-6:amd64 (4.7-3ubuntu0.16.04.3) ...
Setting up libgnutls30:amd64 (3.4.10-4ubuntu1.9) ...
Setting up libgnutls-openssl27:amd64 (3.4.10-4ubuntu1.9) ...
Setting up iputils-ping (3:20121221-5ubuntu2) ...
Setcap is not installed, falling back to setuid
Processing triggers for libc-bin (2.23-0ubuntu11.3) ...
root@385bdd604773:/# ping kbtu.kz
PING kbtu.kz (188.127.36.9) 56(84) bytes of data.
64 bytes from 188.127.36.9: icmp_seq=1 ttl=37 time=74.3 ms
64 bytes from 188.127.36.9: icmp_seq=2 ttl=37 time=70.5 ms
64 bytes from 188.127.36.9: icmp_seq=3 ttl=37 time=73.2 ms
64 bytes from 188.127.36.9: icmp_seq=4 ttl=37 time=70.3 ms
64 bytes from 188.127.36.9: icmp_seq=5 ttl=37 time=80.5 ms
64 bytes from 188.127.36.9: icmp_seq=6 ttl=37 time=69.7 ms
64 bytes from 188.127.36.9: icmp_seq=7 ttl=37 time=74.4 ms
64 bytes from 188.127.36.9: icmp_seq=8 ttl=37 time=71.8 ms
64 bytes from 188.127.36.9: icmp_seq=9 ttl=37 time=71.8 ms
64 bytes from 188.127.36.9: icmp_seq=10 ttl=37 time=75.5 ms
64 bytes from 188.127.36.9: icmp_seq=11 ttl=37 time=70.8 ms
64 bytes from 188.127.36.9: icmp_seq=12 ttl=37 time=70.8 ms
^C
--- kbtu.kz ping statistics ---
12 packets transmitted, 12 received, 0% packet loss, time 20105ms
rtt min/avg/max/mdev = 69.754/72.849/80.554/2.927 ms
root@385bdd604773:/# exit
exit

C:\Users\Alfa>docker ps -a
CONTAINER ID   IMAGE          COMMAND       CREATED         STATUS                      PORTS     NAMES
385bdd604773   ubuntu:16.04   "/bin/bash"   2 minutes ago   Exited (0) 15 seconds ago             jolly_clarke

C:\Users\Alfa>docker commit -a 'Asset Makeyev' -m 'Added ping utility.' 385 asset/ping
"docker commit" requires at least 1 and at most 2 arguments.
See 'docker commit --help'.

Usage:  docker commit [OPTIONS] CONTAINER [REPOSITORY[:TAG]]

Create a new image from a container's changes

C:\Users\Alfa>docker commit -a "Asset Makeyev" -m "Added ping utility." 385 asset/ping
sha256:eceff66c48d9856c0c22ed2e70fdc527042a34c11eb4087fda98f035742e70a9

C:\Users\Alfa>docker images
REPOSITORY   TAG       IMAGE ID       CREATED          SIZE
asset/ping   latest    eceff66c48d9   19 seconds ago   170MB
ubuntu       16.04     b6f507652425   6 months ago     135MB

C:\Users\Alfa>docker run -it --rm asset/ping /bin/bash
root@d1a2d1756a6f:/# ping kbtu.kz
PING kbtu.kz (188.127.36.9) 56(84) bytes of data.
64 bytes from 188.127.36.9: icmp_seq=1 ttl=37 time=70.7 ms
64 bytes from 188.127.36.9: icmp_seq=2 ttl=37 time=70.1 ms
64 bytes from 188.127.36.9: icmp_seq=3 ttl=37 time=69.0 ms
^C
--- kbtu.kz ping statistics ---
4 packets transmitted, 3 received, 25% packet loss, time 12083ms
rtt min/avg/max/mdev = 69.055/70.011/70.782/0.779 ms
root@d1a2d1756a6f:/# exit
exit

C:\Users\Alfa>